ASxxxx Linker V03.00 + NoICE + sdld,  page 1.
Hexadecimal  [32-Bits]

Area                                    Addr        Size        Decimal Bytes (Attributes)
--------------------------------        ----        ----        ------- ----- ------------
CABS                                00000000    00000000 =           0. bytes (ABS,CON,CODE)

      Value  Global                              Global Defined In Module
      -----  --------------------------------   ------------------------
C:   00000000  l_BIT_BANK                      
C:   00000000  l_CABS                          
C:   00000000  l_GSINIT1                       
C:   00000000  l_GSINIT5                       
C:   00000000  l_IABS                          
C:   00000000  l_ISEG                          
C:   00000000  l_PSEG                          
C:   00000000  l_REG_BANK_1                    
C:   00000000  l_REG_BANK_2                    
C:   00000000  l_REG_BANK_3                    
C:   00000000  l_RSEG                          
C:   00000000  l_RSEG0                         
C:   00000000  l_RSEG1                         
C:   00000000  l_XABS                          
C:   00000000  l_XSEG                          
C:   00000000  l__CODE                         
C:   00000000  s_BSEG                          
C:   00000000  s_CABS                          
C:   00000000  s_DSEG                          
C:   00000000  s_HOME                          
C:   00000000  s_IABS                          
C:   00000000  s_ISEG                          
C:   00000000  s_REG_BANK_0                    
C:   00000000  s_RSEG                          
C:   00000000  s_RSEG0                         
C:   00000000  s_RSEG1                         
C:   00000000  s_XABS                          
C:   00000001  s_PSEG                          
C:   00000001  s_XISEG                         
C:   00000001  s_XSEG                          
C:   00000002  l_OSEG                          
C:   00000003  l_BSEG_BYTES                    
C:   00000003  l_GSFINAL                       
C:   00000003  l_GSINIT0                       
C:   00000008  l_REG_BANK_0                    
C:   00000008  s_REG_BANK_1                    
C:   0000000A  l_GSINIT2                       
C:   00000010  s_REG_BANK_2                    
C:   00000012  l_BSEG                          
C:   00000018  s_BIT_BANK                      
C:   00000018  s_REG_BANK_3                    
C:   0000001C  s_OSEG                          
C:   00000020  s_BSEG_BYTES                    
C:   00000020  s__CODE                         
C:   00000022  l_GSINIT3                       
C:   0000002A  l_GSINIT4                       
C:   0000002E  l_GSINIT                        
C:   0000003A  s_SSEG                          
C:   0000007E  l_DSEG                          
C:   00000089  l_HOME                          
ASxxxx Linker V03.00 + NoICE + sdld,  page 2.
Hexadecimal  [32-Bits]

Area                                    Addr        Size        Decimal Bytes (Attributes)
--------------------------------        ----        ----        ------- ----- ------------
CABS                                00000000    00000000 =           0. bytes (ABS,CON,CODE)

      Value  Global                              Global Defined In Module
      -----  --------------------------------   ------------------------
C:   00000089  s_GSINIT0                       
C:   0000008C  s_GSINIT1                       
C:   0000008C  s_GSINIT2                       
C:   00000096  s_GSINIT3                       
C:   000000B8  s_GSINIT4                       
C:   000000C6  l_SSEG                          
C:   000000E2  s_GSINIT                        
C:   000000E2  s_GSINIT5                       
C:   00000100  l_IRAM                          
C:   00000110  s_GSFINAL                       
C:   00000113  s_CSEG                          
C:   000001E0  l_CONST                         
C:   00000400  l_XINIT                         
C:   00000400  l_XISEG                         
C:   00001083  l_CSEG                          
C:   00001196  s_CONST                         
C:   00001376  s_XINIT                         

ASxxxx Linker V03.00 + NoICE + sdld,  page 3.
Hexadecimal  [32-Bits]

Area                                    Addr        Size        Decimal Bytes (Attributes)
--------------------------------        ----        ----        ------- ----- ------------
.  .ABS.                            00000000    00000000 =           0. bytes (ABS,CON)

      Value  Global                              Global Defined In Module
      -----  --------------------------------   ------------------------
     00000000  .__.ABS.                           _fsget1arg
     00000080  G$P0$0$0                           filtro
     00000080  G$P0_0$0$0                         filtro
     00000080  _P0                                filtro
     00000080  _P0_0                              filtro
     00000081  G$P0_1$0$0                         filtro
     00000081  G$SP$0$0                           filtro
     00000081  _P0_1                              filtro
     00000081  _SP                                filtro
     00000082  G$DPL$0$0                          filtro
     00000082  G$P0_2$0$0                         filtro
     00000082  _DPL                               filtro
     00000082  _P0_2                              filtro
     00000083  G$DPH$0$0                          filtro
     00000083  G$P0_3$0$0                         filtro
     00000083  _DPH                               filtro
     00000083  _P0_3                              filtro
     00000084  G$P0_4$0$0                         filtro
     00000084  G$SFRPAGE$0$0                      filtro
     00000084  _P0_4                              filtro
     00000084  _SFRPAGE                           filtro
     00000085  G$P0_5$0$0                         filtro
     00000085  G$SFRNEXT$0$0                      filtro
     00000085  _P0_5                              filtro
     00000085  _SFRNEXT                           filtro
     00000086  G$P0_6$0$0                         filtro
     00000086  G$SFRLAST$0$0                      filtro
     00000086  _P0_6                              filtro
     00000086  _SFRLAST                           filtro
     00000087  G$P0_7$0$0                         filtro
     00000087  G$PCON$0$0                         filtro
     00000087  _P0_7                              filtro
     00000087  _PCON                              filtro
     00000088  G$CP0HYN0$0$0                      filtro
     00000088  G$CP1HYN0$0$0                      filtro
     00000088  G$CP2HYN0$0$0                      filtro
     00000088  G$CPT0CN$0$0                       filtro
     00000088  G$CPT1CN$0$0                       filtro
     00000088  G$CPT2CN$0$0                       filtro
     00000088  G$IT0$0$0                          filtro
     00000088  G$TCON$0$0                         filtro
     00000088  _CP0HYN0                           filtro
     00000088  _CP1HYN0                           filtro
     00000088  _CP2HYN0                           filtro
     00000088  _CPT0CN                            filtro
     00000088  _CPT1CN                            filtro
     00000088  _CPT2CN                            filtro
     00000088  _IT0                               filtro
     00000088  _TCON                              filtro
     00000089  G$CP0HYN1$0$0                      filtro
ASxxxx Linker V03.00 + NoICE + sdld,  page 4.
Hexadecimal  [32-Bits]

Area                                    Addr        Size        Decimal Bytes (Attributes)
--------------------------------        ----        ----        ------- ----- ------------
.  .ABS.                            00000000    00000000 =           0. bytes (ABS,CON)

      Value  Global                              Global Defined In Module
      -----  --------------------------------   ------------------------
     00000089  G$CP1HYN1$0$0                      filtro
     00000089  G$CP2HYN1$0$0                      filtro
     00000089  G$CPT0MD$0$0                       filtro
     00000089  G$CPT1MD$0$0                       filtro
     00000089  G$CPT2MD$0$0                       filtro
     00000089  G$IE0$0$0                          filtro
     00000089  G$TMOD$0$0                         filtro
     00000089  _CP0HYN1                           filtro
     00000089  _CP1HYN1                           filtro
     00000089  _CP2HYN1                           filtro
     00000089  _CPT0MD                            filtro
     00000089  _CPT1MD                            filtro
     00000089  _CPT2MD                            filtro
     00000089  _IE0                               filtro
     00000089  _TMOD                              filtro
     0000008A  G$CP0HYP0$0$0                      filtro
     0000008A  G$CP1HYP0$0$0                      filtro
     0000008A  G$CP2HYP0$0$0                      filtro
     0000008A  G$IT1$0$0                          filtro
     0000008A  G$OSCICN$0$0                       filtro
     0000008A  G$TL0$0$0                          filtro
     0000008A  _CP0HYP0                           filtro
     0000008A  _CP1HYP0                           filtro
     0000008A  _CP2HYP0                           filtro
     0000008A  _IT1                               filtro
     0000008A  _OSCICN                            filtro
     0000008A  _TL0                               filtro
     0000008B  G$CP0HYP1$0$0                      filtro
     0000008B  G$CP1HYP1$0$0                      filtro
     0000008B  G$CP2HYP1$0$0                      filtro
     0000008B  G$IE1$0$0                          filtro
     0000008B  G$OSCICL$0$0                       filtro
     0000008B  G$TL1$0$0                          filtro
     0000008B  _CP0HYP1                           filtro
     0000008B  _CP1HYP1                           filtro
     0000008B  _CP2HYP1                           filtro
     0000008B  _IE1                               filtro
     0000008B  _OSCICL                            filtro
     0000008B  _TL1                               filtro
     0000008C  G$CP0FIF$0$0                       filtro
     0000008C  G$CP1FIF$0$0                       filtro
     0000008C  G$CP2FIF$0$0                       filtro
     0000008C  G$OSCXCN$0$0                       filtro
     0000008C  G$TH0$0$0                          filtro
     0000008C  G$TR0$0$0                          filtro
     0000008C  _CP0FIF                            filtro
     0000008C  _CP1FIF                            filtro
     0000008C  _CP2FIF                            filtro
     0000008C  _OSCXCN                            filtro
     0000008C  _TH0                               filtro
     0000008C  _TR0                               filtro
ASxxxx Linker V03.00 + NoICE + sdld,  page 5.
Hexadecimal  [32-Bits]

Area                                    Addr        Size        Decimal Bytes (Attributes)
--------------------------------        ----        ----        ------- ----- ------------
.  .ABS.                            00000000    00000000 =           0. bytes (ABS,CON)

      Value  Global                              Global Defined In Module
      -----  --------------------------------   ------------------------
     0000008D  G$CP0RIF$0$0                       filtro
     0000008D  G$CP1RIF$0$0                       filtro
     0000008D  G$CP2RIF$0$0                       filtro
     0000008D  G$TF0$0$0                          filtro
     0000008D  G$TH1$0$0                          filtro
     0000008D  _CP0RIF                            filtro
     0000008D  _CP1RIF                            filtro
     0000008D  _CP2RIF                            filtro
     0000008D  _TF0                               filtro
     0000008D  _TH1                               filtro
     0000008E  G$CKCON$0$0                        filtro
     0000008E  G$CP0OUT$0$0                       filtro
     0000008E  G$CP1OUT$0$0                       filtro
     0000008E  G$CP2OUT$0$0                       filtro
     0000008E  G$TR1$0$0                          filtro
     0000008E  _CKCON                             filtro
     0000008E  _CP0OUT                            filtro
     0000008E  _CP1OUT                            filtro
     0000008E  _CP2OUT                            filtro
     0000008E  _TR1                               filtro
     0000008F  G$CP0EN$0$0                        filtro
     0000008F  G$CP1EN$0$0                        filtro
     0000008F  G$CP2EN$0$0                        filtro
     0000008F  G$PSCTL$0$0                        filtro
     0000008F  G$TF1$0$0                          filtro
     0000008F  _CP0EN                             filtro
     0000008F  _CP1EN                             filtro
     0000008F  _CP2EN                             filtro
     0000008F  _PSCTL                             filtro
     0000008F  _TF1                               filtro
     00000090  G$P1$0$0                           filtro
     00000090  G$P1_0$0$0                         filtro
     00000090  _P1                                filtro
     00000090  _P1_0                              filtro
     00000091  G$P1_1$0$0                         filtro
     00000091  G$SSTA0$0$0                        filtro
     00000091  _P1_1                              filtro
     00000091  _SSTA0                             filtro
     00000092  G$P1_2$0$0                         filtro
     00000092  _P1_2                              filtro
     00000093  G$P1_3$0$0                         filtro
     00000093  _P1_3                              filtro
     00000094  G$P1_4$0$0                         filtro
     00000094  _P1_4                              filtro
     00000095  G$P1_5$0$0                         filtro
     00000095  _P1_5                              filtro
     00000096  G$P1_6$0$0                         filtro
     00000096  G$SFRPGCN$0$0                      filtro
     00000096  _P1_6                              filtro
     00000096  _SFRPGCN                           filtro
     00000097  G$CLKSEL$0$0                       filtro
ASxxxx Linker V03.00 + NoICE + sdld,  page 6.
Hexadecimal  [32-Bits]

Area                                    Addr        Size        Decimal Bytes (Attributes)
--------------------------------        ----        ----        ------- ----- ------------
.  .ABS.                            00000000    00000000 =           0. bytes (ABS,CON)

      Value  Global                              Global Defined In Module
      -----  --------------------------------   ------------------------
     00000097  G$P1_7$0$0                         filtro
     00000097  _CLKSEL                            filtro
     00000097  _P1_7                              filtro
     00000098  G$RI0$0$0                          filtro
     00000098  G$RI1$0$0                          filtro
     00000098  G$SCON0$0$0                        filtro
     00000098  G$SCON1$0$0                        filtro
     00000098  _RI0                               filtro
     00000098  _RI1                               filtro
     00000098  _SCON0                             filtro
     00000098  _SCON1                             filtro
     00000099  G$SBUF0$0$0                        filtro
     00000099  G$SBUF1$0$0                        filtro
     00000099  G$TI0$0$0                          filtro
     00000099  G$TI1$0$0                          filtro
     00000099  _SBUF0                             filtro
     00000099  _SBUF1                             filtro
     00000099  _TI0                               filtro
     00000099  _TI1                               filtro
     0000009A  G$RB80$0$0                         filtro
     0000009A  G$RB81$0$0                         filtro
     0000009A  G$SPI0CFG$0$0                      filtro
     0000009A  _RB80                              filtro
     0000009A  _RB81                              filtro
     0000009A  _SPI0CFG                           filtro
     0000009B  G$SPI0DAT$0$0                      filtro
     0000009B  G$TB80$0$0                         filtro
     0000009B  G$TB81$0$0                         filtro
     0000009B  _SPI0DAT                           filtro
     0000009B  _TB80                              filtro
     0000009B  _TB81                              filtro
     0000009C  G$P4MDOUT$0$0                      filtro
     0000009C  G$REN0$0$0                         filtro
     0000009C  G$REN1$0$0                         filtro
     0000009C  _P4MDOUT                           filtro
     0000009C  _REN0                              filtro
     0000009C  _REN1                              filtro
     0000009D  G$MCE1$0$0                         filtro
     0000009D  G$P5MDOUT$0$0                      filtro
     0000009D  G$SM20$0$0                         filtro
     0000009D  G$SPI0CKR$0$0                      filtro
     0000009D  _MCE1                              filtro
     0000009D  _P5MDOUT                           filtro
     0000009D  _SM20                              filtro
     0000009D  _SPI0CKR                           filtro
     0000009E  G$P6MDOUT$0$0                      filtro
     0000009E  G$SM10$0$0                         filtro
     0000009E  _P6MDOUT                           filtro
     0000009E  _SM10                              filtro
     0000009F  G$P7MDOUT$0$0                      filtro
     0000009F  G$S1MODE$0$0                       filtro
ASxxxx Linker V03.00 + NoICE + sdld,  page 7.
Hexadecimal  [32-Bits]

Area                                    Addr        Size        Decimal Bytes (Attributes)
--------------------------------        ----        ----        ------- ----- ------------
.  .ABS.                            00000000    00000000 =           0. bytes (ABS,CON)

      Value  Global                              Global Defined In Module
      -----  --------------------------------   ------------------------
     0000009F  G$SM00$0$0                         filtro
     0000009F  _P7MDOUT                           filtro
     0000009F  _S1MODE                            filtro
     0000009F  _SM00                              filtro
     000000A0  G$P2$0$0                           filtro
     000000A0  G$P2_0$0$0                         filtro
     000000A0  _P2                                filtro
     000000A0  _P2_0                              filtro
     000000A1  G$EMI0TC$0$0                       filtro
     000000A1  G$P2_1$0$0                         filtro
     000000A1  _EMI0TC                            filtro
     000000A1  _P2_1                              filtro
     000000A2  G$EMI0CN$0$0                       filtro
     000000A2  G$P2_2$0$0                         filtro
     000000A2  G$_XPAGE$0$0                       filtro
     000000A2  _EMI0CN                            filtro
     000000A2  _P2_2                              filtro
     000000A2  __XPAGE                            filtro
     000000A3  G$EMI0CF$0$0                       filtro
     000000A3  G$P2_3$0$0                         filtro
     000000A3  _EMI0CF                            filtro
     000000A3  _P2_3                              filtro
     000000A4  G$P0MDOUT$0$0                      filtro
     000000A4  G$P2_4$0$0                         filtro
     000000A4  _P0MDOUT                           filtro
     000000A4  _P2_4                              filtro
     000000A5  G$P1MDOUT$0$0                      filtro
     000000A5  G$P2_5$0$0                         filtro
     000000A5  _P1MDOUT                           filtro
     000000A5  _P2_5                              filtro
     000000A6  G$P2MDOUT$0$0                      filtro
     000000A6  G$P2_6$0$0                         filtro
     000000A6  _P2MDOUT                           filtro
     000000A6  _P2_6                              filtro
     000000A7  G$P2_7$0$0                         filtro
     000000A7  G$P3MDOUT$0$0                      filtro
     000000A7  _P2_7                              filtro
     000000A7  _P3MDOUT                           filtro
     000000A8  G$EX0$0$0                          filtro
     000000A8  G$IE$0$0                           filtro
     000000A8  _EX0                               filtro
     000000A8  _IE                                filtro
     000000A9  G$ET0$0$0                          filtro
     000000A9  G$SADDR0$0$0                       filtro
     000000A9  G$SADDR1$0$0                       filtro
     000000A9  _ET0                               filtro
     000000A9  _SADDR0                            filtro
     000000A9  _SADDR1                            filtro
     000000AA  G$EX1$0$0                          filtro
     000000AA  _EX1                               filtro
     000000AB  G$ET1$0$0                          filtro
ASxxxx Linker V03.00 + NoICE + sdld,  page 8.
Hexadecimal  [32-Bits]

Area                                    Addr        Size        Decimal Bytes (Attributes)
--------------------------------        ----        ----        ------- ----- ------------
.  .ABS.                            00000000    00000000 =           0. bytes (ABS,CON)

      Value  Global                              Global Defined In Module
      -----  --------------------------------   ------------------------
     000000AB  _ET1                               filtro
     000000AC  G$ES0$0$0                          filtro
     000000AC  _ES0                               filtro
     000000AD  G$ET2$0$0                          filtro
     000000AD  G$P1MDIN$0$0                       filtro
     000000AD  _ET2                               filtro
     000000AD  _P1MDIN                            filtro
     000000AE  G$P2MDIN$0$0                       filtro
     000000AE  _P2MDIN                            filtro
     000000AF  G$EA$0$0                           filtro
     000000AF  G$P3MDIN$0$0                       filtro
     000000AF  _EA                                filtro
     000000AF  _P3MDIN                            filtro
     000000B0  G$P3$0$0                           filtro
     000000B0  G$P3_0$0$0                         filtro
     000000B0  _P3                                filtro
     000000B0  _P3_0                              filtro
     000000B1  G$P3_1$0$0                         filtro
     000000B1  _P3_1                              filtro
     000000B2  G$P3_2$0$0                         filtro
     000000B2  _P3_2                              filtro
     000000B3  G$P3_3$0$0                         filtro
     000000B3  _P3_3                              filtro
     000000B4  G$P3_4$0$0                         filtro
     000000B4  _P3_4                              filtro
     000000B5  G$P3_5$0$0                         filtro
     000000B5  _P3_5                              filtro
     000000B6  G$P3_6$0$0                         filtro
     000000B6  _P3_6                              filtro
     000000B7  G$FLACL$0$0                        filtro
     000000B7  G$FLSCL$0$0                        filtro
     000000B7  G$P3_7$0$0                         filtro
     000000B7  _FLACL                             filtro
     000000B7  _FLSCL                             filtro
     000000B7  _P3_7                              filtro
     000000B8  G$IP$0$0                           filtro
     000000B8  G$PX0$0$0                          filtro
     000000B8  _IP                                filtro
     000000B8  _PX0                               filtro
     000000B9  G$PT0$0$0                          filtro
     000000B9  G$SADEN0$0$0                       filtro
     000000B9  _PT0                               filtro
     000000B9  _SADEN0                            filtro
     000000BA  G$AMX0CF$0$0                       filtro
     000000BA  G$AMX2CF$0$0                       filtro
     000000BA  G$PX1$0$0                          filtro
     000000BA  _AMX0CF                            filtro
     000000BA  _AMX2CF                            filtro
     000000BA  _PX1                               filtro
     000000BB  G$AMX0SL$0$0                       filtro
     000000BB  G$AMX2SL$0$0                       filtro
ASxxxx Linker V03.00 + NoICE + sdld,  page 9.
Hexadecimal  [32-Bits]

Area                                    Addr        Size        Decimal Bytes (Attributes)
--------------------------------        ----        ----        ------- ----- ------------
.  .ABS.                            00000000    00000000 =           0. bytes (ABS,CON)

      Value  Global                              Global Defined In Module
      -----  --------------------------------   ------------------------
     000000BB  G$PT1$0$0                          filtro
     000000BB  _AMX0SL                            filtro
     000000BB  _AMX2SL                            filtro
     000000BB  _PT1                               filtro
     000000BC  G$ADC0CF$0$0                       filtro
     000000BC  G$ADC2CF$0$0                       filtro
     000000BC  G$PS0$0$0                          filtro
     000000BC  _ADC0CF                            filtro
     000000BC  _ADC2CF                            filtro
     000000BC  _PS0                               filtro
     000000BD  G$AMX0PRT$0$0                      filtro
     000000BD  G$PT2$0$0                          filtro
     000000BD  _AMX0PRT                           filtro
     000000BD  _PT2                               filtro
     000000BE  G$ADC0L$0$0                        filtro
     000000BE  G$ADC2$0$0                         filtro
     000000BE  _ADC0L                             filtro
     000000BE  _ADC2                              filtro
     000000BF  G$ADC0H$0$0                        filtro
     000000BF  _ADC0H                             filtro
     000000C0  G$CAN0STA$0$0                      filtro
     000000C0  G$LEC0$0$0                         filtro
     000000C0  G$SMB0CN$0$0                       filtro
     000000C0  G$SMBTOE$0$0                       filtro
     000000C0  _CAN0STA                           filtro
     000000C0  _LEC0                              filtro
     000000C0  _SMB0CN                            filtro
     000000C0  _SMBTOE                            filtro
     000000C1  G$LEC1$0$0                         filtro
     000000C1  G$SMB0STA$0$0                      filtro
     000000C1  G$SMBFTE$0$0                       filtro
     000000C1  _LEC1                              filtro
     000000C1  _SMB0STA                           filtro
     000000C1  _SMBFTE                            filtro
     000000C2  G$AA$0$0                           filtro
     000000C2  G$LEC2$0$0                         filtro
     000000C2  G$SMB0DAT$0$0                      filtro
     000000C2  _AA                                filtro
     000000C2  _LEC2                              filtro
     000000C2  _SMB0DAT                           filtro
     000000C3  G$SI$0$0                           filtro
     000000C3  G$SMB0ADR$0$0                      filtro
     000000C3  G$TXOK$0$0                         filtro
     000000C3  _SI                                filtro
     000000C3  _SMB0ADR                           filtro
     000000C3  _TXOK                              filtro
     000000C4  G$ADC0GTL$0$0                      filtro
     000000C4  G$ADC2GT$0$0                       filtro
     000000C4  G$RXOK$0$0                         filtro
     000000C4  G$STO$0$0                          filtro
     000000C4  _ADC0GTL                           filtro
ASxxxx Linker V03.00 + NoICE + sdld,  page 10.
Hexadecimal  [32-Bits]

Area                                    Addr        Size        Decimal Bytes (Attributes)
--------------------------------        ----        ----        ------- ----- ------------
.  .ABS.                            00000000    00000000 =           0. bytes (ABS,CON)

      Value  Global                              Global Defined In Module
      -----  --------------------------------   ------------------------
     000000C4  _ADC2GT                            filtro
     000000C4  _RXOK                              filtro
     000000C4  _STO                               filtro
     000000C5  G$ADC0GTH$0$0                      filtro
     000000C5  G$EPASS$0$0                        filtro
     000000C5  G$STA$0$0                          filtro
     000000C5  _ADC0GTH                           filtro
     000000C5  _EPASS                             filtro
     000000C5  _STA                               filtro
     000000C6  G$ADC0LTL$0$0                      filtro
     000000C6  G$ADC2LT$0$0                       filtro
     000000C6  G$ENSMB$0$0                        filtro
     000000C6  G$EWARN$0$0                        filtro
     000000C6  _ADC0LTL                           filtro
     000000C6  _ADC2LT                            filtro
     000000C6  _ENSMB                             filtro
     000000C6  _EWARN                             filtro
     000000C7  G$ADC0LTH$0$0                      filtro
     000000C7  G$BOFF$0$0                         filtro
     000000C7  G$BUSY$0$0                         filtro
     000000C7  _ADC0LTH                           filtro
     000000C7  _BOFF                              filtro
     000000C7  _BUSY                              filtro
     000000C8  G$CPRL2$0$0                        filtro
     000000C8  G$CPRL3$0$0                        filtro
     000000C8  G$CPRL4$0$0                        filtro
     000000C8  G$P4$0$0                           filtro
     000000C8  G$P4_0$0$0                         filtro
     000000C8  G$TMR2CN$0$0                       filtro
     000000C8  G$TMR3CN$0$0                       filtro
     000000C8  G$TMR4CN$0$0                       filtro
     000000C8  _CPRL2                             filtro
     000000C8  _CPRL3                             filtro
     000000C8  _CPRL4                             filtro
     000000C8  _P4                                filtro
     000000C8  _P4_0                              filtro
     000000C8  _TMR2CN                            filtro
     000000C8  _TMR3CN                            filtro
     000000C8  _TMR4CN                            filtro
     000000C9  G$CT2$0$0                          filtro
     000000C9  G$CT3$0$0                          filtro
     000000C9  G$CT4$0$0                          filtro
     000000C9  G$P4_1$0$0                         filtro
     000000C9  G$TMR2CF$0$0                       filtro
     000000C9  G$TMR3CF$0$0                       filtro
     000000C9  G$TMR4CF$0$0                       filtro
     000000C9  _CT2                               filtro
     000000C9  _CT3                               filtro
     000000C9  _CT4                               filtro
     000000C9  _P4_1                              filtro
     000000C9  _TMR2CF                            filtro
ASxxxx Linker V03.00 + NoICE + sdld,  page 11.
Hexadecimal  [32-Bits]

Area                                    Addr        Size        Decimal Bytes (Attributes)
--------------------------------        ----        ----        ------- ----- ------------
.  .ABS.                            00000000    00000000 =           0. bytes (ABS,CON)

      Value  Global                              Global Defined In Module
      -----  --------------------------------   ------------------------
     000000C9  _TMR3CF                            filtro
     000000C9  _TMR4CF                            filtro
     000000CA  G$P4_2$0$0                         filtro
     000000CA  G$RCAP2L$0$0                       filtro
     000000CA  G$RCAP3L$0$0                       filtro
     000000CA  G$RCAP4L$0$0                       filtro
     000000CA  G$TR2$0$0                          filtro
     000000CA  G$TR3$0$0                          filtro
     000000CA  G$TR4$0$0                          filtro
     000000CA  _P4_2                              filtro
     000000CA  _RCAP2L                            filtro
     000000CA  _RCAP3L                            filtro
     000000CA  _RCAP4L                            filtro
     000000CA  _TR2                               filtro
     000000CA  _TR3                               filtro
     000000CA  _TR4                               filtro
     000000CB  G$EXEN2$0$0                        filtro
     000000CB  G$EXEN3$0$0                        filtro
     000000CB  G$EXEN4$0$0                        filtro
     000000CB  G$P4_3$0$0                         filtro
     000000CB  G$RCAP2H$0$0                       filtro
     000000CB  G$RCAP3H$0$0                       filtro
     000000CB  G$RCAP4H$0$0                       filtro
     000000CB  _EXEN2                             filtro
     000000CB  _EXEN3                             filtro
     000000CB  _EXEN4                             filtro
     000000CB  _P4_3                              filtro
     000000CB  _RCAP2H                            filtro
     000000CB  _RCAP3H                            filtro
     000000CB  _RCAP4H                            filtro
     000000CC  G$P4_4$0$0                         filtro
     000000CC  G$TMR2L$0$0                        filtro
     000000CC  G$TMR3L$0$0                        filtro
     000000CC  G$TMR4L$0$0                        filtro
     000000CC  _P4_4                              filtro
     000000CC  _TMR2L                             filtro
     000000CC  _TMR3L                             filtro
     000000CC  _TMR4L                             filtro
     000000CD  G$P4_5$0$0                         filtro
     000000CD  G$TMR2H$0$0                        filtro
     000000CD  G$TMR3H$0$0                        filtro
     000000CD  G$TMR4H$0$0                        filtro
     000000CD  _P4_5                              filtro
     000000CD  _TMR2H                             filtro
     000000CD  _TMR3H                             filtro
     000000CD  _TMR4H                             filtro
     000000CE  G$EXF2$0$0                         filtro
     000000CE  G$EXF3$0$0                         filtro
     000000CE  G$EXF4$0$0                         filtro
     000000CE  G$P4_6$0$0                         filtro
     000000CE  _EXF2                              filtro
ASxxxx Linker V03.00 + NoICE + sdld,  page 12.
Hexadecimal  [32-Bits]

Area                                    Addr        Size        Decimal Bytes (Attributes)
--------------------------------        ----        ----        ------- ----- ------------
.  .ABS.                            00000000    00000000 =           0. bytes (ABS,CON)

      Value  Global                              Global Defined In Module
      -----  --------------------------------   ------------------------
     000000CE  _EXF3                              filtro
     000000CE  _EXF4                              filtro
     000000CE  _P4_6                              filtro
     000000CF  G$P4_7$0$0                         filtro
     000000CF  G$SMB0CR$0$0                       filtro
     000000CF  G$TF2$0$0                          filtro
     000000CF  G$TF3$0$0                          filtro
     000000CF  G$TF4$0$0                          filtro
     000000CF  _P4_7                              filtro
     000000CF  _SMB0CR                            filtro
     000000CF  _TF2                               filtro
     000000CF  _TF3                               filtro
     000000CF  _TF4                               filtro
     000000D0  G$P$0$0                            filtro
     000000D0  G$PSW$0$0                          filtro
     000000D0  _P                                 filtro
     000000D0  _PSW                               filtro
     000000D1  G$F1$0$0                           filtro
     000000D1  G$REF0CN$0$0                       filtro
     000000D1  _F1                                filtro
     000000D1  _REF0CN                            filtro
     000000D2  G$DAC0L$0$0                        filtro
     000000D2  G$DAC1L$0$0                        filtro
     000000D2  G$OV$0$0                           filtro
     000000D2  _DAC0L                             filtro
     000000D2  _DAC1L                             filtro
     000000D2  _OV                                filtro
     000000D3  G$DAC0H$0$0                        filtro
     000000D3  G$DAC1H$0$0                        filtro
     000000D3  G$RS0$0$0                          filtro
     000000D3  _DAC0H                             filtro
     000000D3  _DAC1H                             filtro
     000000D3  _RS0                               filtro
     000000D4  G$DAC0CN$0$0                       filtro
     000000D4  G$DAC1CN$0$0                       filtro
     000000D4  G$RS1$0$0                          filtro
     000000D4  _DAC0CN                            filtro
     000000D4  _DAC1CN                            filtro
     000000D4  _RS1                               filtro
     000000D5  G$F0$0$0                           filtro
     000000D5  _F0                                filtro
     000000D6  G$AC$0$0                           filtro
     000000D6  G$HVA0CN$0$0                       filtro
     000000D6  _AC                                filtro
     000000D6  _HVA0CN                            filtro
     000000D7  G$CY$0$0                           filtro
     000000D7  _CY                                filtro
     000000D8  G$CAN0DATL$0$0                     filtro
     000000D8  G$CCF0$0$0                         filtro
     000000D8  G$P5$0$0                           filtro
     000000D8  G$P5_0$0$0                         filtro
ASxxxx Linker V03.00 + NoICE + sdld,  page 13.
Hexadecimal  [32-Bits]

Area                                    Addr        Size        Decimal Bytes (Attributes)
--------------------------------        ----        ----        ------- ----- ------------
.  .ABS.                            00000000    00000000 =           0. bytes (ABS,CON)

      Value  Global                              Global Defined In Module
      -----  --------------------------------   ------------------------
     000000D8  G$PCA0CN$0$0                       filtro
     000000D8  _CAN0DATL                          filtro
     000000D8  _CCF0                              filtro
     000000D8  _P5                                filtro
     000000D8  _P5_0                              filtro
     000000D8  _PCA0CN                            filtro
     000000D9  G$CAN0DATH$0$0                     filtro
     000000D9  G$CCF1$0$0                         filtro
     000000D9  G$P5_1$0$0                         filtro
     000000D9  G$PCA0MD$0$0                       filtro
     000000D9  _CAN0DATH                          filtro
     000000D9  _CCF1                              filtro
     000000D9  _P5_1                              filtro
     000000D9  _PCA0MD                            filtro
     000000DA  G$CAN0ADR$0$0                      filtro
     000000DA  G$CCF2$0$0                         filtro
     000000DA  G$P5_2$0$0                         filtro
     000000DA  G$PCA0CPM0$0$0                     filtro
     000000DA  _CAN0ADR                           filtro
     000000DA  _CCF2                              filtro
     000000DA  _P5_2                              filtro
     000000DA  _PCA0CPM0                          filtro
     000000DB  G$CAN0TST$0$0                      filtro
     000000DB  G$CCF3$0$0                         filtro
     000000DB  G$P5_3$0$0                         filtro
     000000DB  G$PCA0CPM1$0$0                     filtro
     000000DB  _CAN0TST                           filtro
     000000DB  _CCF3                              filtro
     000000DB  _P5_3                              filtro
     000000DB  _PCA0CPM1                          filtro
     000000DC  G$CCF4$0$0                         filtro
     000000DC  G$P5_4$0$0                         filtro
     000000DC  G$PCA0CPM2$0$0                     filtro
     000000DC  _CCF4                              filtro
     000000DC  _P5_4                              filtro
     000000DC  _PCA0CPM2                          filtro
     000000DD  G$CCF5$0$0                         filtro
     000000DD  G$P5_5$0$0                         filtro
     000000DD  G$PCA0CPM3$0$0                     filtro
     000000DD  _CCF5                              filtro
     000000DD  _P5_5                              filtro
     000000DD  _PCA0CPM3                          filtro
     000000DE  G$CR$0$0                           filtro
     000000DE  G$P5_6$0$0                         filtro
     000000DE  G$PCA0CPM4$0$0                     filtro
     000000DE  _CR                                filtro
     000000DE  _P5_6                              filtro
     000000DE  _PCA0CPM4                          filtro
     000000DF  G$CF$0$0                           filtro
     000000DF  G$P5_7$0$0                         filtro
     000000DF  G$PCA0CPM5$0$0                     filtro
ASxxxx Linker V03.00 + NoICE + sdld,  page 14.
Hexadecimal  [32-Bits]

Area                                    Addr        Size        Decimal Bytes (Attributes)
--------------------------------        ----        ----        ------- ----- ------------
.  .ABS.                            00000000    00000000 =           0. bytes (ABS,CON)

      Value  Global                              Global Defined In Module
      -----  --------------------------------   ------------------------
     000000DF  _CF                                filtro
     000000DF  _P5_7                              filtro
     000000DF  _PCA0CPM5                          filtro
     000000E0  G$ACC$0$0                          filtro
     000000E0  _ACC                               filtro
     000000E1  G$PCA0CPL5$0$0                     filtro
     000000E1  G$XBR0$0$0                         filtro
     000000E1  _PCA0CPL5                          filtro
     000000E1  _XBR0                              filtro
     000000E2  G$PCA0CPH5$0$0                     filtro
     000000E2  G$XBR1$0$0                         filtro
     000000E2  _PCA0CPH5                          filtro
     000000E2  _XBR1                              filtro
     000000E3  G$XBR2$0$0                         filtro
     000000E3  _XBR2                              filtro
     000000E4  G$XBR3$0$0                         filtro
     000000E4  _XBR3                              filtro
     000000E6  G$EIE1$0$0                         filtro
     000000E6  _EIE1                              filtro
     000000E7  G$EIE2$0$0                         filtro
     000000E7  _EIE2                              filtro
     000000E8  G$AD0LJST$0$0                      filtro
     000000E8  G$AD2WINT$0$0                      filtro
     000000E8  G$ADC0CN$0$0                       filtro
     000000E8  G$ADC2CN$0$0                       filtro
     000000E8  G$P6$0$0                           filtro
     000000E8  G$P6_0$0$0                         filtro
     000000E8  _AD0LJST                           filtro
     000000E8  _AD2WINT                           filtro
     000000E8  _ADC0CN                            filtro
     000000E8  _ADC2CN                            filtro
     000000E8  _P6                                filtro
     000000E8  _P6_0                              filtro
     000000E9  G$AD0WINT$0$0                      filtro
     000000E9  G$AD2CM0$0$0                       filtro
     000000E9  G$P6_1$0$0                         filtro
     000000E9  G$PCA0CPL2$0$0                     filtro
     000000E9  _AD0WINT                           filtro
     000000E9  _AD2CM0                            filtro
     000000E9  _P6_1                              filtro
     000000E9  _PCA0CPL2                          filtro
     000000EA  G$AD0CM0$0$0                       filtro
     000000EA  G$AD2CM1$0$0                       filtro
     000000EA  G$P6_2$0$0                         filtro
     000000EA  G$PCA0CPH2$0$0                     filtro
     000000EA  _AD0CM0                            filtro
     000000EA  _AD2CM1                            filtro
     000000EA  _P6_2                              filtro
     000000EA  _PCA0CPH2                          filtro
     000000EB  G$AD0CM1$0$0                       filtro
     000000EB  G$AD2CM2$0$0                       filtro
ASxxxx Linker V03.00 + NoICE + sdld,  page 15.
Hexadecimal  [32-Bits]

Area                                    Addr        Size        Decimal Bytes (Attributes)
--------------------------------        ----        ----        ------- ----- ------------
.  .ABS.                            00000000    00000000 =           0. bytes (ABS,CON)

      Value  Global                              Global Defined In Module
      -----  --------------------------------   ------------------------
     000000EB  G$P6_3$0$0                         filtro
     000000EB  G$PCA0CPL3$0$0                     filtro
     000000EB  _AD0CM1                            filtro
     000000EB  _AD2CM2                            filtro
     000000EB  _P6_3                              filtro
     000000EB  _PCA0CPL3                          filtro
     000000EC  G$AD0BUSY$0$0                      filtro
     000000EC  G$AD2BUSY$0$0                      filtro
     000000EC  G$P6_4$0$0                         filtro
     000000EC  G$PCA0CPH3$0$0                     filtro
     000000EC  _AD0BUSY                           filtro
     000000EC  _AD2BUSY                           filtro
     000000EC  _P6_4                              filtro
     000000EC  _PCA0CPH3                          filtro
     000000ED  G$AD0INT$0$0                       filtro
     000000ED  G$AD2INT$0$0                       filtro
     000000ED  G$P6_5$0$0                         filtro
     000000ED  G$PCA0CPL4$0$0                     filtro
     000000ED  _AD0INT                            filtro
     000000ED  _AD2INT                            filtro
     000000ED  _P6_5                              filtro
     000000ED  _PCA0CPL4                          filtro
     000000EE  G$AD0TM$0$0                        filtro
     000000EE  G$AD2TM$0$0                        filtro
     000000EE  G$P6_6$0$0                         filtro
     000000EE  G$PCA0CPH4$0$0                     filtro
     000000EE  _AD0TM                             filtro
     000000EE  _AD2TM                             filtro
     000000EE  _P6_6                              filtro
     000000EE  _PCA0CPH4                          filtro
     000000EF  G$AD0EN$0$0                        filtro
     000000EF  G$AD2EN$0$0                        filtro
     000000EF  G$P6_7$0$0                         filtro
     000000EF  G$RSTSRC$0$0                       filtro
     000000EF  _AD0EN                             filtro
     000000EF  _AD2EN                             filtro
     000000EF  _P6_7                              filtro
     000000EF  _RSTSRC                            filtro
     000000F0  G$B$0$0                            filtro
     000000F0  _B                                 filtro
     000000F5  _B_5                               _gptrget
     000000F6  G$EIP1$0$0                         filtro
     000000F6  _B_6                               _gptrget
     000000F6  _EIP1                              filtro
     000000F7  G$EIP2$0$0                         filtro
     000000F7  _B_7                               _gptrget
     000000F7  _EIP2                              filtro
     000000F8  G$CAN0CN$0$0                       filtro
     000000F8  G$CANINIT$0$0                      filtro
     000000F8  G$P7$0$0                           filtro
     000000F8  G$P7_0$0$0                         filtro
ASxxxx Linker V03.00 + NoICE + sdld,  page 16.
Hexadecimal  [32-Bits]

Area                                    Addr        Size        Decimal Bytes (Attributes)
--------------------------------        ----        ----        ------- ----- ------------
.  .ABS.                            00000000    00000000 =           0. bytes (ABS,CON)

      Value  Global                              Global Defined In Module
      -----  --------------------------------   ------------------------
     000000F8  G$SPI0CN$0$0                       filtro
     000000F8  G$SPIEN$0$0                        filtro
     000000F8  _CAN0CN                            filtro
     000000F8  _CANINIT                           filtro
     000000F8  _P7                                filtro
     000000F8  _P7_0                              filtro
     000000F8  _SPI0CN                            filtro
     000000F8  _SPIEN                             filtro
     000000F9  G$CANIE$0$0                        filtro
     000000F9  G$P7_1$0$0                         filtro
     000000F9  G$PCA0L$0$0                        filtro
     000000F9  G$TXBMT$0$0                        filtro
     000000F9  _CANIE                             filtro
     000000F9  _P7_1                              filtro
     000000F9  _PCA0L                             filtro
     000000F9  _TXBMT                             filtro
     000000FA  G$CANSIE$0$0                       filtro
     000000FA  G$NSSMD0$0$0                       filtro
     000000FA  G$P7_2$0$0                         filtro
     000000FA  G$PCA0H$0$0                        filtro
     000000FA  _CANSIE                            filtro
     000000FA  _NSSMD0                            filtro
     000000FA  _P7_2                              filtro
     000000FA  _PCA0H                             filtro
     000000FB  G$CANEIE$0$0                       filtro
     000000FB  G$NSSMD1$0$0                       filtro
     000000FB  G$P7_3$0$0                         filtro
     000000FB  G$PCA0CPL0$0$0                     filtro
     000000FB  _CANEIE                            filtro
     000000FB  _NSSMD1                            filtro
     000000FB  _P7_3                              filtro
     000000FB  _PCA0CPL0                          filtro
     000000FC  G$CANIF$0$0                        filtro
     000000FC  G$P7_4$0$0                         filtro
     000000FC  G$PCA0CPH0$0$0                     filtro
     000000FC  G$RXOVRN$0$0                       filtro
     000000FC  _CANIF                             filtro
     000000FC  _P7_4                              filtro
     000000FC  _PCA0CPH0                          filtro
     000000FC  _RXOVRN                            filtro
     000000FD  G$CANDAR$0$0                       filtro
     000000FD  G$MODF$0$0                         filtro
     000000FD  G$P7_5$0$0                         filtro
     000000FD  G$PCA0CPL1$0$0                     filtro
     000000FD  _CANDAR                            filtro
     000000FD  _MODF                              filtro
     000000FD  _P7_5                              filtro
     000000FD  _PCA0CPL1                          filtro
     000000FE  G$CANCCE$0$0                       filtro
     000000FE  G$P7_6$0$0                         filtro
     000000FE  G$PCA0CPH1$0$0                     filtro
ASxxxx Linker V03.00 + NoICE + sdld,  page 17.
Hexadecimal  [32-Bits]

Area                                    Addr        Size        Decimal Bytes (Attributes)
--------------------------------        ----        ----        ------- ----- ------------
.  .ABS.                            00000000    00000000 =           0. bytes (ABS,CON)

      Value  Global                              Global Defined In Module
      -----  --------------------------------   ------------------------
     000000FE  G$WCOL$0$0                         filtro
     000000FE  _CANCCE                            filtro
     000000FE  _P7_6                              filtro
     000000FE  _PCA0CPH1                          filtro
     000000FE  _WCOL                              filtro
     000000FF  G$CANTEST$0$0                      filtro
     000000FF  G$P7_7$0$0                         filtro
     000000FF  G$SPIF$0$0                         filtro
     000000FF  G$WDTCN$0$0                        filtro
     000000FF  _CANTEST                           filtro
     000000FF  _P7_7                              filtro
     000000FF  _SPIF                              filtro
     000000FF  _WDTCN                             filtro
     00008382  G$DP$0$0                           filtro
     00008382  _DP                                filtro
     0000BFBE  G$ADC0$0$0                         filtro
     0000BFBE  _ADC0                              filtro
     0000C5C4  G$ADC0GT$0$0                       filtro
     0000C5C4  _ADC0GT                            filtro
     0000C7C6  G$ADC0LT$0$0                       filtro
     0000C7C6  _ADC0LT                            filtro
     0000CBCA  G$RCAP2$0$0                        filtro
     0000CBCA  G$RCAP3$0$0                        filtro
     0000CBCA  G$RCAP4$0$0                        filtro
     0000CBCA  _RCAP2                             filtro
     0000CBCA  _RCAP3                             filtro
     0000CBCA  _RCAP4                             filtro
     0000CDCC  G$TMR2$0$0                         filtro
     0000CDCC  G$TMR3$0$0                         filtro
     0000CDCC  G$TMR4$0$0                         filtro
     0000CDCC  _TMR2                              filtro
     0000CDCC  _TMR3                              filtro
     0000CDCC  _TMR4                              filtro
     0000D3D2  G$DAC0$0$0                         filtro
     0000D3D2  G$DAC1$0$0                         filtro
     0000D3D2  _DAC0                              filtro
     0000D3D2  _DAC1                              filtro
     0000D9D8  G$CAN0DAT$0$0                      filtro
     0000D9D8  _CAN0DAT                           filtro
     0000E2E1  G$PCA0CP5$0$0                      filtro
     0000E2E1  _PCA0CP5                           filtro
     0000EAE9  G$PCA0CP2$0$0                      filtro
     0000EAE9  _PCA0CP2                           filtro
     0000ECEB  G$PCA0CP3$0$0                      filtro
     0000ECEB  _PCA0CP3                           filtro
     0000EEED  G$PCA0CP4$0$0                      filtro
     0000EEED  _PCA0CP4                           filtro
     0000FAF9  G$PCA0$0$0                         filtro
     0000FAF9  _PCA0                              filtro
     0000FCFB  G$PCA0CP0$0$0                      filtro
     0000FCFB  _PCA0CP0                           filtro
ASxxxx Linker V03.00 + NoICE + sdld,  page 18.
Hexadecimal  [32-Bits]

Area                                    Addr        Size        Decimal Bytes (Attributes)
--------------------------------        ----        ----        ------- ----- ------------
.  .ABS.                            00000000    00000000 =           0. bytes (ABS,CON)

      Value  Global                              Global Defined In Module
      -----  --------------------------------   ------------------------
     0000FEFD  G$PCA0CP1$0$0                      filtro
     0000FEFD  _PCA0CP1                           filtro

ASxxxx Linker V03.00 + NoICE + sdld,  page 19.
Hexadecimal  [32-Bits]

Area                                    Addr        Size        Decimal Bytes (Attributes)
--------------------------------        ----        ----        ------- ----- ------------
BSEG_BYTES                          00000020    00000003 =           3. bytes (REL,CON)

      Value  Global                              Global Defined In Module
      -----  --------------------------------   ------------------------
ASxxxx Linker V03.00 + NoICE + sdld,  page 20.
Hexadecimal  [32-Bits]

Area                                    Addr        Size        Decimal Bytes (Attributes)
--------------------------------        ----        ----        ------- ----- ------------
REG_BANK_0                          00000000    00000008 =           8. bytes (REL,OVR)

      Value  Global                              Global Defined In Module
      -----  --------------------------------   ------------------------
ASxxxx Linker V03.00 + NoICE + sdld,  page 21.
Hexadecimal  [32-Bits]

Area                                    Addr        Size        Decimal Bytes (Attributes)
--------------------------------        ----        ----        ------- ----- ------------
DSEG                                00000000    0000007E =         126. bytes (REL,CON)

      Value  Global                              Global Defined In Module
      -----  --------------------------------   ------------------------
     00000008  G$tempo_us$0$0                     util
     00000008  _tempo_us                          util
     0000000A  G$uart0_data$0$0                   uart0
     0000000A  _uart0_data                        uart0
     0000000B  Lglcd.putchar$coluna$1$71          glcd
     0000000C  Lglcd.escala_glcd$lim_inf$1$77     glcd
     0000000C  _escala_glcd_PARM_2                glcd
     00000010  Lglcd.escala_glcd$lim_sup$1$77     glcd
     00000010  _escala_glcd_PARM_3                glcd
     00000014  Lglcd.ponto_glcd$ver$1$79          glcd
     00000014  _ponto_glcd_PARM_2                 glcd
     00000015  G$nova_amostra$0$0                 adc
     00000015  _nova_amostra                      adc
     00000017  Ladc.config_adc0$ganho$1$12        adc
     00000017  _config_adc0_PARM_2                adc
     00000018  G$eeprom_idx$0$0                   eeprom
     00000018  _eeprom_idx                        eeprom
     00000019  Leeprom.esc_eeprom$dado$1$29       eeprom
     00000019  _esc_eeprom_PARM_2                 eeprom
     0000001A  Fbuzzer$tempo_inicial$0$0          buzzer
     00000023  G$buffer_idx$0$0                   filtro
     00000023  _buffer_idx                        filtro
     00000024  G$signal_sum$0$0                   filtro
     00000024  _signal_sum                        filtro
     00000028  Lfiltro.guarda_buffer$sloc0$1$0    filtro
     0000002A  Lfiltro.limites_amostras$min$1$1   filtro
     0000002A  _limites_amostras_PARM_2           filtro
     0000002D  Lfiltro.limites_amostras$max$1$1   filtro
     0000002D  _limites_amostras_PARM_3           filtro
     00000030  Lfiltro.limites_amostras$amostra   filtro
     00000034  Lfiltro.limites_amostras$sloc0$1   filtro
     00000037  Lfiltro.limites_amostras$sloc1$1   filtro

ASxxxx Linker V03.00 + NoICE + sdld,  page 22.
Hexadecimal  [32-Bits]

Area                                    Addr        Size        Decimal Bytes (Attributes)
--------------------------------        ----        ----        ------- ----- ------------
OSEG                                0000001C    00000002 =           2. bytes (REL,OVR)

      Value  Global                              Global Defined In Module
      -----  --------------------------------   ------------------------
     0000001C  __gptrput_PARM_2                   _gptrput
     0000001C  __modsint_PARM_2                   _moduint
     0000001C  __moduint_PARM_2                   _moduint
     0000001C  __mulint_PARM_2                    _mulint

ASxxxx Linker V03.00 + NoICE + sdld,  page 23.
Hexadecimal  [32-Bits]

Area                                    Addr        Size        Decimal Bytes (Attributes)
--------------------------------        ----        ----        ------- ----- ------------
SSEG                                0000003A    000000C6 =         198. bytes (REL,OVR)

      Value  Global                              Global Defined In Module
      -----  --------------------------------   ------------------------
     0000003A  __start__stack                     main

ASxxxx Linker V03.00 + NoICE + sdld,  page 24.
Hexadecimal  [32-Bits]

Area                                    Addr        Size        Decimal Bytes (Attributes)
--------------------------------        ----        ----        ------- ----- ------------
XISEG                               00000001    00000400 =        1024. bytes (REL,CON,XDATA)

      Value  Global                              Global Defined In Module
      -----  --------------------------------   ------------------------
D:   00000001  G$buffer$0$0                       filtro
D:   00000001  _buffer                            filtro

ASxxxx Linker V03.00 + NoICE + sdld,  page 25.
Hexadecimal  [32-Bits]

Area                                    Addr        Size        Decimal Bytes (Attributes)
--------------------------------        ----        ----        ------- ----- ------------
HOME                                00000000    00000089 =         137. bytes (REL,CON,CODE)

      Value  Global                              Global Defined In Module
      -----  --------------------------------   ------------------------
C:   00000000  A$main$1264                        main
C:   00000003  A$main$1265                        main
C:   0000000B  A$main$1267                        main
C:   00000013  A$main$1269                        main
C:   0000001B  A$main$1271                        main
C:   00000023  A$main$1273                        main
C:   0000002B  A$main$1275                        main
C:   00000033  A$main$1277                        main
C:   0000003B  A$main$1279                        main
C:   00000043  A$main$1281                        main
C:   0000004B  A$main$1283                        main
C:   00000053  A$main$1285                        main
C:   0000005B  A$main$1287                        main
C:   00000063  A$main$1289                        main
C:   0000006B  A$main$1291                        main
C:   00000073  A$main$1293                        main
C:   0000007B  A$main$1295                        main
C:   00000083  A$main$1297                        main
C:   00000086  A$main$1328                        main
C:   00000086  __sdcc_program_startup             main

ASxxxx Linker V03.00 + NoICE + sdld,  page 26.
Hexadecimal  [32-Bits]

Area                                    Addr        Size        Decimal Bytes (Attributes)
--------------------------------        ----        ----        ------- ----- ------------
GSINIT0                             00000089    00000003 =           3. bytes (REL,CON,CODE)

      Value  Global                              Global Defined In Module
      -----  --------------------------------   ------------------------
C:   00000089  __sdcc_gsinit_startup              

ASxxxx Linker V03.00 + NoICE + sdld,  page 27.
Hexadecimal  [32-Bits]

Area                                    Addr        Size        Decimal Bytes (Attributes)
--------------------------------        ----        ----        ------- ----- ------------
GSINIT2                             0000008C    0000000A =          10. bytes (REL,CON,CODE)

      Value  Global                              Global Defined In Module
      -----  --------------------------------   ------------------------
ASxxxx Linker V03.00 + NoICE + sdld,  page 28.
Hexadecimal  [32-Bits]

Area                                    Addr        Size        Decimal Bytes (Attributes)
--------------------------------        ----        ----        ------- ----- ------------
GSINIT3                             00000096    00000022 =          34. bytes (REL,CON,CODE)

      Value  Global                              Global Defined In Module
      -----  --------------------------------   ------------------------
C:   00000096  __mcs51_genXINIT                   

ASxxxx Linker V03.00 + NoICE + sdld,  page 29.
Hexadecimal  [32-Bits]

Area                                    Addr        Size        Decimal Bytes (Attributes)
--------------------------------        ----        ----        ------- ----- ------------
GSINIT4                             000000B8    0000002A =          42. bytes (REL,CON,CODE)

      Value  Global                              Global Defined In Module
      -----  --------------------------------   ------------------------
C:   000000B8  __mcs51_genRAMCLEAR                
C:   000000BE  __mcs51_genXRAMCLEAR               

ASxxxx Linker V03.00 + NoICE + sdld,  page 30.
Hexadecimal  [32-Bits]

Area                                    Addr        Size        Decimal Bytes (Attributes)
--------------------------------        ----        ----        ------- ----- ------------
GSINIT                              000000E2    0000002E =          46. bytes (REL,CON,CODE)

      Value  Global                              Global Defined In Module
      -----  --------------------------------   ------------------------
C:   000000E2  A$main$1313                        main
C:   000000E2  C$main.c$16$1$63                   main
C:   000000E4  A$main$1316                        main
C:   000000E4  C$main.c$17$1$63                   main
C:   000000E6  A$main$1319                        main
C:   000000E6  C$main.c$18$1$63                   main
C:   000000E8  A$util$1234                        util
C:   000000E8  C$util.c$4$1$21                    util
C:   000000E9  A$util$1235                        util
C:   000000EB  A$util$1236                        util
C:   000000ED  A$uart0$1237                       uart0
C:   000000ED  C$uart0.c$6$1$21                   uart0
C:   000000F0  A$uart0$1240                       uart0
C:   000000F0  C$uart0.c$5$1$21                   uart0
C:   000000F2  A$glcd$1296                        glcd
C:   000000F2  C$glcd.c$127$1$71                  glcd
C:   000000F5  A$adc$1241                         adc
C:   000000F5  C$adc.c$5$1$18                     adc
C:   000000F6  A$adc$1242                         adc
C:   000000F8  A$adc$1243                         adc
C:   000000FA  A$adc$1246                         adc
C:   000000FA  C$adc.c$6$1$18                     adc
C:   000000FC  A$eeprom$1252                      eeprom
C:   000000FC  C$eeprom.c$9$1$35                  eeprom
C:   000000FF  A$buzzer$1232                      buzzer
C:   000000FF  C$buzzer.c$8$1$24                  buzzer
C:   00000100  A$buzzer$1233                      buzzer
C:   00000102  A$buzzer$1234                      buzzer
C:   00000104  A$filtro$1258                      filtro
C:   00000104  C$filtro.c$7$1$11                  filtro
C:   00000107  A$filtro$1261                      filtro
C:   00000107  C$filtro.c$8$1$11                  filtro
C:   00000108  A$filtro$1262                      filtro
C:   0000010A  A$filtro$1263                      filtro
C:   0000010C  A$filtro$1264                      filtro
C:   0000010E  A$filtro$1265                      filtro
ASxxxx Linker V03.00 + NoICE + sdld,  page 31.
Hexadecimal  [32-Bits]

Area                                    Addr        Size        Decimal Bytes (Attributes)
--------------------------------        ----        ----        ------- ----- ------------
GSFINAL                             00000110    00000003 =           3. bytes (REL,CON,CODE)

      Value  Global                              Global Defined In Module
      -----  --------------------------------   ------------------------
C:   00000110  A$main$1321                        main

ASxxxx Linker V03.00 + NoICE + sdld,  page 32.
Hexadecimal  [32-Bits]

Area                                    Addr        Size        Decimal Bytes (Attributes)
--------------------------------        ----        ----        ------- ----- ------------
CSEG                                00000113    00001083 =        4227. bytes (REL,CON,CODE)

      Value  Global                              Global Defined In Module
      -----  --------------------------------   ------------------------
C:   00000113  A$main$1354                        main
C:   00000113  C$config.c$10$0$0                  main
C:   00000113  C$config.c$12$1$47                 main
C:   00000113  G$Timer_Init$0$0                   main
C:   00000113  _Timer_Init                        main
C:   00000116  A$main$1357                        main
C:   00000116  C$config.c$13$1$47                 main
C:   00000119  A$main$1360                        main
C:   00000119  C$config.c$14$1$47                 main
C:   0000011C  A$main$1363                        main
C:   0000011C  C$config.c$15$1$47                 main
C:   0000011F  A$main$1366                        main
C:   0000011F  C$config.c$16$1$47                 main
C:   00000122  A$main$1369                        main
C:   00000122  C$config.c$17$1$47                 main
C:   00000125  A$main$1372                        main
C:   00000125  C$config.c$18$1$47                 main
C:   00000128  A$main$1375                        main
C:   00000128  C$config.c$19$1$47                 main
C:   0000012B  A$main$1378                        main
C:   0000012B  C$config.c$20$1$47                 main
C:   0000012E  A$main$1381                        main
C:   0000012E  C$config.c$21$1$47                 main
C:   00000131  A$main$1384                        main
C:   00000131  C$config.c$22$1$47                 main
C:   00000134  A$main$1387                        main
C:   00000134  C$config.c$23$1$47                 main
C:   00000137  A$main$1390                        main
C:   00000137  C$config.c$24$1$47                 main
C:   0000013A  A$main$1393                        main
C:   0000013A  C$config.c$25$1$47                 main
C:   0000013D  A$main$1396                        main
C:   0000013D  C$config.c$26$1$47                 main
C:   00000140  A$main$1399                        main
C:   00000140  C$config.c$27$1$47                 main
C:   00000143  A$main$1402                        main
C:   00000143  C$config.c$28$1$47                 main
C:   00000146  A$main$1405                        main
C:   00000146  C$config.c$29$1$47                 main
C:   00000149  A$main$1408                        main
C:   00000149  C$config.c$30$1$47                 main
C:   0000014C  A$main$1411                        main
C:   0000014C  C$config.c$31$1$47                 main
C:   0000014F  A$main$1414                        main
C:   0000014F  C$config.c$32$1$47                 main
C:   0000014F  XG$Timer_Init$0$0                  main
C:   00000150  A$main$1427                        main
C:   00000150  C$config.c$34$1$47                 main
C:   00000150  C$config.c$36$1$48                 main
C:   00000150  G$UART_Init$0$0                    main
ASxxxx Linker V03.00 + NoICE + sdld,  page 33.
Hexadecimal  [32-Bits]

Area                                    Addr        Size        Decimal Bytes (Attributes)
--------------------------------        ----        ----        ------- ----- ------------
CSEG                                00000113    00001083 =        4227. bytes (REL,CON,CODE)

      Value  Global                              Global Defined In Module
      -----  --------------------------------   ------------------------
C:   00000150  _UART_Init                         main
C:   00000153  A$main$1430                        main
C:   00000153  C$config.c$37$1$48                 main
C:   00000156  A$main$1433                        main
C:   00000156  C$config.c$38$1$48                 main
C:   00000156  XG$UART_Init$0$0                   main
C:   00000157  A$main$1446                        main
C:   00000157  C$config.c$40$1$48                 main
C:   00000157  C$config.c$42$1$49                 main
C:   00000157  G$SMBus_Init$0$0                   main
C:   00000157  _SMBus_Init                        main
C:   0000015A  A$main$1449                        main
C:   0000015A  C$config.c$43$1$49                 main
C:   0000015D  A$main$1452                        main
C:   0000015D  C$config.c$44$1$49                 main
C:   00000160  A$main$1455                        main
C:   00000160  C$config.c$45$1$49                 main
C:   00000160  XG$SMBus_Init$0$0                  main
C:   00000161  A$main$1468                        main
C:   00000161  C$config.c$47$1$49                 main
C:   00000161  C$config.c$49$1$50                 main
C:   00000161  G$ADC_Init$0$0                     main
C:   00000161  _ADC_Init                          main
C:   00000164  A$main$1471                        main
C:   00000164  C$config.c$50$1$50                 main
C:   00000167  A$main$1474                        main
C:   00000167  C$config.c$51$1$50                 main
C:   0000016A  A$main$1477                        main
C:   0000016A  C$config.c$52$1$50                 main
C:   0000016D  A$main$1480                        main
C:   0000016D  C$config.c$53$1$50                 main
C:   0000016D  XG$ADC_Init$0$0                    main
C:   0000016E  A$main$1493                        main
C:   0000016E  C$config.c$55$1$50                 main
C:   0000016E  C$config.c$57$1$51                 main
C:   0000016E  G$Voltage_Reference_Init$0$0       main
C:   0000016E  _Voltage_Reference_Init            main
C:   00000171  A$main$1496                        main
C:   00000171  C$config.c$58$1$51                 main
C:   00000174  A$main$1499                        main
C:   00000174  C$config.c$59$1$51                 main
C:   00000174  XG$Voltage_Reference_Init$0$0      main
C:   00000175  A$main$1512                        main
C:   00000175  C$config.c$61$1$51                 main
C:   00000175  C$config.c$99$1$52                 main
C:   00000175  G$Port_IO_Init$0$0                 main
C:   00000175  _Port_IO_Init                      main
C:   00000178  A$main$1515                        main
C:   00000178  C$config.c$100$1$52                main
C:   0000017B  A$main$1518                        main
C:   0000017B  C$config.c$101$1$52                main
ASxxxx Linker V03.00 + NoICE + sdld,  page 34.
Hexadecimal  [32-Bits]

Area                                    Addr        Size        Decimal Bytes (Attributes)
--------------------------------        ----        ----        ------- ----- ------------
CSEG                                00000113    00001083 =        4227. bytes (REL,CON,CODE)

      Value  Global                              Global Defined In Module
      -----  --------------------------------   ------------------------
C:   0000017E  A$main$1521                        main
C:   0000017E  C$config.c$102$1$52                main
C:   00000181  A$main$1524                        main
C:   00000181  C$config.c$103$1$52                main
C:   00000184  A$main$1527                        main
C:   00000184  C$config.c$104$1$52                main
C:   00000184  XG$Port_IO_Init$0$0                main
C:   00000185  A$main$1542                        main
C:   00000185  C$config.c$106$1$52                main
C:   00000185  C$config.c$109$1$53                main
C:   00000185  G$Oscillator_Init$0$0              main
C:   00000185  _Oscillator_Init                   main
C:   00000188  A$main$1545                        main
C:   00000188  C$config.c$110$1$53                main
C:   0000018B  A$main$1548                        main
C:   0000018B  C$config.c$111$1$53                main
C:   0000018D  A$main$1549                        main
C:   0000018F  A$main$1551                        main
C:   00000190  A$main$1552                        main
C:   00000192  A$main$1553                        main
C:   00000193  A$main$1554                        main
C:   00000194  A$main$1555                        main
C:   00000196  A$main$1556                        main
C:   00000197  A$main$1557                        main
C:   00000199  A$main$1558                        main
C:   0000019B  A$main$1559                        main
C:   0000019C  A$main$1560                        main
C:   0000019D  A$main$1561                        main
C:   0000019F  A$main$1565                        main
C:   0000019F  C$config.c$112$1$53                main
C:   000001A1  A$main$1566                        main
C:   000001A4  A$main$1569                        main
C:   000001A4  C$config.c$113$1$53                main
C:   000001A7  A$main$1572                        main
C:   000001A7  C$config.c$114$1$53                main
C:   000001A7  XG$Oscillator_Init$0$0             main
C:   000001A8  A$main$1585                        main
C:   000001A8  C$config.c$116$1$53                main
C:   000001A8  C$config.c$118$1$54                main
C:   000001A8  G$Interrupts_Init$0$0              main
C:   000001A8  _Interrupts_Init                   main
C:   000001AB  A$main$1588                        main
C:   000001AB  C$config.c$119$1$54                main
C:   000001AE  A$main$1591                        main
C:   000001AE  C$config.c$120$1$54                main
C:   000001AE  XG$Interrupts_Init$0$0             main
C:   000001AF  A$main$1604                        main
C:   000001AF  C$config.c$124$1$54                main
C:   000001AF  C$config.c$126$1$56                main
C:   000001AF  G$Init_Device$0$0                  main
C:   000001AF  _Init_Device                       main
ASxxxx Linker V03.00 + NoICE + sdld,  page 35.
Hexadecimal  [32-Bits]

Area                                    Addr        Size        Decimal Bytes (Attributes)
--------------------------------        ----        ----        ------- ----- ------------
CSEG                                00000113    00001083 =        4227. bytes (REL,CON,CODE)

      Value  Global                              Global Defined In Module
      -----  --------------------------------   ------------------------
C:   000001B2  A$main$1607                        main
C:   000001B2  C$config.c$127$1$56                main
C:   000001B5  A$main$1610                        main
C:   000001B5  C$config.c$128$1$56                main
C:   000001B8  A$main$1613                        main
C:   000001B8  C$config.c$129$1$56                main
C:   000001BB  A$main$1616                        main
C:   000001BB  C$config.c$130$1$56                main
C:   000001BE  A$main$1619                        main
C:   000001BE  C$config.c$131$1$56                main
C:   000001C1  A$main$1622                        main
C:   000001C1  C$config.c$132$1$56                main
C:   000001C4  A$main$1625                        main
C:   000001C4  C$config.c$133$1$56                main
C:   000001C7  A$main$1628                        main
C:   000001C7  C$config.c$134$1$56                main
C:   000001C7  XG$Init_Device$0$0                 main
C:   000001C8  A$main$1644                        main
C:   000001C8  C$main.c$20$1$56                   main
C:   000001C8  C$main.c$21$1$56                   main
C:   000001C8  G$backup_dados$0$0                 main
C:   000001C8  _backup_dados                      main
C:   000001CA  A$main$1647                        main
C:   000001CA  C$main.c$22$1$56                   main
C:   000001CC  A$main$1653                        main
C:   000001CC  C$main.c$23$1$58                   main
C:   000001CC  C$main.c$24$2$59                   main
C:   000001CE  A$main$1654                        main
C:   000001D0  A$main$1655                        main
C:   000001D2  A$main$1656                        main
C:   000001D4  A$main$1657                        main
C:   000001D5  A$main$1658                        main
C:   000001D8  A$main$1660                        main
C:   000001DA  A$main$1661                        main
C:   000001DC  A$main$1662                        main
[...]
ASxxxx Linker V03.00 + NoICE + sdld,  page 69.
Hexadecimal  [32-Bits]

Area                                    Addr        Size        Decimal Bytes (Attributes)
--------------------------------        ----        ----        ------- ----- ------------
CSEG                                00000113    00001083 =        4227. bytes (REL,CON,CODE)

      Value  Global                              Global Defined In Module
      -----  --------------------------------   ------------------------
C:   00000B87  A$filtro$1501                      filtro
C:   00000B88  A$filtro$1502                      filtro
C:   00000B89  A$filtro$1503                      filtro
C:   00000B8B  A$filtro$1504                      filtro
C:   00000B8C  A$filtro$1505                      filtro
C:   00000B8D  A$filtro$1506                      filtro
C:   00000B8F  A$filtro$1507                      filtro
C:   00000B90  A$filtro$1508                      filtro
C:   00000B91  A$filtro$1509                      filtro
C:   00000B93  A$filtro$1512                      filtro
C:   00000B93  C$filtro.c$23$1$11                 filtro
C:   00000B96  A$filtro$1513                      filtro
C:   00000B99  A$filtro$1514                      filtro
C:   00000B9C  A$filtro$1515                      filtro
C:   00000B9F  A$filtro$1516                      filtro
C:   00000BA2  A$filtro$1517                      filtro
C:   00000BA5  A$filtro$1518                      filtro
C:   00000BA8  A$filtro$1519                      filtro
C:   00000BAB  A$filtro$1520                      filtro
C:   00000BAE  A$filtro$1521                      filtro
C:   00000BB0  A$filtro$1522                      filtro
C:   00000BB3  A$filtro$1523                      filtro
C:   00000BB4  A$filtro$1524                      filtro
C:   00000BB6  A$filtro$1525                      filtro
C:   00000BB9  A$filtro$1526                      filtro
C:   00000BBA  A$filtro$1527                      filtro
C:   00000BBC  A$filtro$1528                      filtro
C:   00000BBF  A$filtro$1529                      filtro
C:   00000BC0  A$filtro$1530                      filtro
C:   00000BC2  A$filtro$1531                      filtro
C:   00000BC5  A$filtro$1532                      filtro
C:   00000BC8  A$filtro$1533                      filtro
C:   00000BCB  A$filtro$1534                      filtro
C:   00000BCE  A$filtro$1535                      filtro
C:   00000BD0  A$filtro$1536                      filtro
C:   00000BD3  A$filtro$1537                      filtro
C:   00000BD4  A$filtro$1538                      filtro
C:   00000BD6  A$filtro$1539                      filtro
C:   00000BD9  A$filtro$1540                      filtro
C:   00000BDA  A$filtro$1541                      filtro
C:   00000BDC  A$filtro$1542                      filtro
C:   00000BDF  A$filtro$1543                      filtro
C:   00000BE0  A$filtro$1544                      filtro
C:   00000BE2  A$filtro$1545                      filtro
C:   00000BE5  A$filtro$1548                      filtro
C:   00000BE5  C$filtro.c$25$1$11                 filtro
C:   00000BE6  A$filtro$1549                      filtro
C:   00000BE7  A$filtro$1550                      filtro
C:   00000BE8  A$filtro$1554                      filtro
C:   00000BE8  C$filtro.c$26$2$12                 filtro
C:   00000BE9  A$filtro$1557                      filtro
ASxxxx Linker V03.00 + NoICE + sdld,  page 70.
Hexadecimal  [32-Bits]

Area                                    Addr        Size        Decimal Bytes (Attributes)
--------------------------------        ----        ----        ------- ----- ------------
CSEG                                00000113    00001083 =        4227. bytes (REL,CON,CODE)

      Value  Global                              Global Defined In Module
      -----  --------------------------------   ------------------------
C:   00000BE9  C$filtro.c$27$2$12                 filtro
C:   00000BEA  A$filtro$1558                      filtro
C:   00000BED  A$filtro$1559                      filtro
C:   00000BEE  A$filtro$1560                      filtro
C:   00000BF0  A$filtro$1561                      filtro
C:   00000BF2  A$filtro$1562                      filtro
C:   00000BF4  A$filtro$1563                      filtro
C:   00000BF6  A$filtro$1564                      filtro
C:   00000BF8  A$filtro$1565                      filtro
C:   00000BF9  A$filtro$1566                      filtro
C:   00000BFB  A$filtro$1567                      filtro
C:   00000BFC  A$filtro$1568                      filtro
C:   00000BFD  A$filtro$1569                      filtro
C:   00000BFF  A$filtro$1570                      filtro
C:   00000C00  A$filtro$1571                      filtro
C:   00000C01  A$filtro$1572                      filtro
C:   00000C03  A$filtro$1573                      filtro
C:   00000C04  A$filtro$1574                      filtro
C:   00000C05  A$filtro$1575                      filtro
C:   00000C07  A$filtro$1578                      filtro
C:   00000C07  C$filtro.c$28$2$12                 filtro
C:   00000C0A  A$filtro$1579                      filtro
C:   00000C0D  A$filtro$1580                      filtro
C:   00000C10  A$filtro$1581                      filtro
C:   00000C13  A$filtro$1582                      filtro
C:   00000C14  A$filtro$1583                      filtro
C:   00000C15  A$filtro$1584                      filtro
C:   00000C18  A$filtro$1585                      filtro
C:   00000C19  A$filtro$1586                      filtro
C:   00000C1A  A$filtro$1587                      filtro
C:   00000C1D  A$filtro$1588                      filtro
C:   00000C1E  A$filtro$1589                      filtro
C:   00000C1F  A$filtro$1590                      filtro
C:   00000C22  A$filtro$1591                      filtro
C:   00000C23  A$filtro$1592                      filtro
C:   00000C25  A$filtro$1593                      filtro
C:   00000C27  A$filtro$1594                      filtro
C:   00000C29  A$filtro$1595                      filtro
C:   00000C2B  A$filtro$1596                      filtro
C:   00000C2D  A$filtro$1597                      filtro
C:   00000C2F  A$filtro$1598                      filtro
C:   00000C32  A$filtro$1599                      filtro
C:   00000C35  A$filtro$1600                      filtro
C:   00000C38  A$filtro$1601                      filtro
C:   00000C3A  A$filtro$1602                      filtro
C:   00000C3D  A$filtro$1603                      filtro
C:   00000C3F  A$filtro$1604                      filtro
C:   00000C41  A$filtro$1605                      filtro
C:   00000C43  A$filtro$1606                      filtro
C:   00000C45  A$filtro$1607                      filtro
C:   00000C47  A$filtro$1608                      filtro
ASxxxx Linker V03.00 + NoICE + sdld,  page 71.
Hexadecimal  [32-Bits]

Area                                    Addr        Size        Decimal Bytes (Attributes)
--------------------------------        ----        ----        ------- ----- ------------
CSEG                                00000113    00001083 =        4227. bytes (REL,CON,CODE)

      Value  Global                              Global Defined In Module
      -----  --------------------------------   ------------------------
C:   00000C49  A$filtro$1609                      filtro
C:   00000C4A  A$filtro$1610                      filtro
C:   00000C4C  A$filtro$1613                      filtro
C:   00000C4C  C$filtro.c$29$2$12                 filtro
C:   00000C4F  A$filtro$1614                      filtro
C:   00000C52  A$filtro$1615                      filtro
C:   00000C55  A$filtro$1616                      filtro
C:   00000C57  A$filtro$1617                      filtro
C:   00000C5A  A$filtro$1618                      filtro
C:   00000C5B  A$filtro$1619                      filtro
C:   00000C5D  A$filtro$1620                      filtro
C:   00000C60  A$filtro$1621                      filtro
C:   00000C61  A$filtro$1622                      filtro
C:   00000C63  A$filtro$1623                      filtro
C:   00000C66  A$filtro$1624                      filtro
C:   00000C67  A$filtro$1625                      filtro
C:   00000C69  A$filtro$1626                      filtro
C:   00000C6C  A$filtro$1630                      filtro
C:   00000C6C  C$filtro.c$30$2$12                 filtro
C:   00000C6F  A$filtro$1631                      filtro
C:   00000C72  A$filtro$1632                      filtro
C:   00000C75  A$filtro$1633                      filtro
C:   00000C78  A$filtro$1634                      filtro
C:   00000C79  A$filtro$1635                      filtro
C:   00000C7A  A$filtro$1636                      filtro
C:   00000C7D  A$filtro$1637                      filtro
C:   00000C7E  A$filtro$1638                      filtro
C:   00000C7F  A$filtro$1639                      filtro
C:   00000C82  A$filtro$1640                      filtro
C:   00000C83  A$filtro$1641                      filtro
C:   00000C84  A$filtro$1642                      filtro
C:   00000C87  A$filtro$1643                      filtro
C:   00000C88  A$filtro$1644                      filtro
C:   00000C8A  A$filtro$1645                      filtro
C:   00000C8C  A$filtro$1646                      filtro
C:   00000C8E  A$filtro$1647                      filtro
C:   00000C90  A$filtro$1648                      filtro
C:   00000C92  A$filtro$1649                      filtro
C:   00000C94  A$filtro$1650                      filtro
C:   00000C97  A$filtro$1651                      filtro
C:   00000C9A  A$filtro$1652                      filtro
C:   00000C9D  A$filtro$1653                      filtro
C:   00000C9F  A$filtro$1654                      filtro
C:   00000CA2  A$filtro$1655                      filtro
C:   00000CA4  A$filtro$1656                      filtro
C:   00000CA6  A$filtro$1657                      filtro
C:   00000CA8  A$filtro$1658                      filtro
C:   00000CAA  A$filtro$1659                      filtro
C:   00000CAC  A$filtro$1660                      filtro
C:   00000CAE  A$filtro$1661                      filtro
C:   00000CAF  A$filtro$1662                      filtro
ASxxxx Linker V03.00 + NoICE + sdld,  page 72.
Hexadecimal  [32-Bits]

Area                                    Addr        Size        Decimal Bytes (Attributes)
--------------------------------        ----        ----        ------- ----- ------------
CSEG                                00000113    00001083 =        4227. bytes (REL,CON,CODE)

      Value  Global                              Global Defined In Module
      -----  --------------------------------   ------------------------
C:   00000CB1  A$filtro$1665                      filtro
C:   00000CB1  C$filtro.c$31$2$12                 filtro
C:   00000CB4  A$filtro$1666                      filtro
C:   00000CB7  A$filtro$1667                      filtro
C:   00000CBA  A$filtro$1668                      filtro
C:   00000CBC  A$filtro$1669                      filtro
C:   00000CBF  A$filtro$1670                      filtro
C:   00000CC0  A$filtro$1671                      filtro
C:   00000CC2  A$filtro$1672                      filtro
C:   00000CC5  A$filtro$1673                      filtro
C:   00000CC6  A$filtro$1674                      filtro
C:   00000CC8  A$filtro$1675                      filtro
C:   00000CCB  A$filtro$1676                      filtro
C:   00000CCC  A$filtro$1677                      filtro
C:   00000CCE  A$filtro$1678                      filtro
C:   00000CD1  A$filtro$1682                      filtro
C:   00000CD1  C$filtro.c$32$1$11                 filtro
C:   00000CD2  A$filtro$1683                      filtro
C:   00000CD5  A$filtro$1684                      filtro
C:   00000CD7  A$filtro$1686                      filtro
C:   00000CDA  A$filtro$1690                      filtro
C:   00000CDA  C$filtro.c$33$1$11                 filtro
C:   00000CDA  XG$limites_amostras$0$0            filtro
C:   00000CDB  ___fssub                           _fssub
C:   00000CE6  ___fsmul                           _fsmul
C:   00000D89  fsgetargs                          _fsget2args
C:   00000DB7  fs_normalize_a                     _fsnormalize
C:   00000DEA  ___fsgt                            _fsgt
C:   00000E1A  __gptrput                          _gptrput
C:   00000E35  ___fslt                            _fslt
C:   00000E65  __mulint                           _mulint
C:   00000E65  __mulint_dummy                     _mulint
C:   00000E82  __moduint                          _moduint
C:   00000ECF  ___fsadd                           _fsadd
C:   00000ED2  fsadd_direct_entry                 _fsadd
C:   00000F28  fs_compare_uint32                  _fscmp
C:   00000F46  fs_check_negative_zeros            _fscmp
C:   00000F71  ___uint2fs                         _uint2fs
C:   00000F7D  fs_round_and_return                _fsreturnval
C:   00000F95  fs_zerocheck_return                _fsreturnval
C:   00000F9E  fs_return_zero                     _fsreturnval
C:   00000FA6  fs_direct_return                   _fsreturnval
C:   00000FB4  fs_return_inf                      _fsreturnval
C:   00000FC1  fs_return_nan                      _fsreturnval
C:   00000FCC  fs_swap_a_b                        _fsswapargs
C:   00000FE6  ___fsdiv                           _fsdiv
C:   000010A9  __gptrget                          _gptrget
C:   000010C5  ___fs2uchar                        _fs2uchar
C:   000010CD  __modsint                          _modsint
C:   00001103  ___ulong2fs                        _ulong2fs
C:   0000110C  ulong2fs_doit                      _ulong2fs
ASxxxx Linker V03.00 + NoICE + sdld,  page 73.
Hexadecimal  [32-Bits]

Area                                    Addr        Size        Decimal Bytes (Attributes)
--------------------------------        ----        ----        ------- ----- ------------
CSEG                                00000113    00001083 =        4227. bytes (REL,CON,CODE)

      Value  Global                              Global Defined In Module
      -----  --------------------------------   ------------------------
C:   00001116  fs_rshift_a                        _fsrshift
C:   00001159  __sdcc_external_startup            _startup
C:   0000115D  ___fs2ulong                        _fs2ulong
C:   0000115F  fs2ulong_begin                     _fs2ulong
C:   00001184  fsgetarg                           _fsget1arg

ASxxxx Linker V03.00 + NoICE + sdld,  page 74.
Hexadecimal  [32-Bits]

Area                                    Addr        Size        Decimal Bytes (Attributes)
--------------------------------        ----        ----        ------- ----- ------------
CONST                               00001196    000001E0 =         480. bytes (REL,CON,CODE)

      Value  Global                              Global Defined In Module
      -----  --------------------------------   ------------------------
C:   00001196  G$fonte$0$0                        glcd
C:   00001196  _fonte                             glcd

ASxxxx Linker V03.00 + NoICE + sdld,  page 75.
Hexadecimal  [32-Bits]

Area                                    Addr        Size        Decimal Bytes (Attributes)
--------------------------------        ----        ----        ------- ----- ------------
XINIT                               00001376    00000400 =        1024. bytes (REL,CON,CODE)

      Value  Global                              Global Defined In Module
      -----  --------------------------------   ------------------------
C:   00001376  Ffiltro$__xinit_buffer$0$0         filtro

ASxxxx Linker V03.00 + NoICE + sdld,  page 76.

Files Linked                              [ module(s) ]

G:\Meu Drive\UFMS\7º Semestre\Microcontroladores e Aplicações\ppg final\main.rel
                                          [  ]
G:\Meu Drive\UFMS\7º Semestre\Microcontroladores e Aplicações\ppg final\util.rel
                                          [  ]
G:\Meu Drive\UFMS\7º Semestre\Microcontroladores e Aplicações\ppg final\uart0.rel
                                          [  ]
G:\Meu Drive\UFMS\7º Semestre\Microcontroladores e Aplicações\ppg final\glcd.rel
                                          [  ]
G:\Meu Drive\UFMS\7º Semestre\Microcontroladores e Aplicações\ppg final\adc.rel
                                          [  ]
G:\Meu Drive\UFMS\7º Semestre\Microcontroladores e Aplicações\ppg final\eeprom.rel
                                          [  ]
G:\Meu Drive\UFMS\7º Semestre\Microcontroladores e Aplicações\ppg final\buzzer.rel
                                          [  ]
G:\Meu Drive\UFMS\7º Semestre\Microcontroladores e Aplicações\ppg final\filtro.rel
                                          [  ]


Libraries Linked                          [ object file ]

C:\Program Files\SDCC\bin\..\lib\small/libfloat.lib
                                          [ _fssub.rel ]
C:\Program Files\SDCC\bin\..\lib\small/libfloat.lib
                                          [ _fsmul.rel ]
C:\Program Files\SDCC\bin\..\lib\small/libfloat.lib
                                          [ _fsget2args.rel ]
C:\Program Files\SDCC\bin\..\lib\small/mcs51.lib
                                          [ crtclear.rel ]
C:\Program Files\SDCC\bin\..\lib\small/libfloat.lib
                                          [ _fsnormalize.rel ]
C:\Program Files\SDCC\bin\..\lib\small/mcs51.lib
                                          [ crtxinit.rel ]
C:\Program Files\SDCC\bin\..\lib\small/libfloat.lib
                                          [ _fsgt.rel ]
C:\Program Files\SDCC\bin\..\lib\small/libsdcc.lib
                                          [ _gptrput.rel ]
C:\Program Files\SDCC\bin\..\lib\small/libfloat.lib
                                          [ _fslt.rel ]
C:\Program Files\SDCC\bin\..\lib\small/libint.lib
                                          [ _mulint.rel ]
C:\Program Files\SDCC\bin\..\lib\small/libint.lib
                                          [ _moduint.rel ]
C:\Program Files\SDCC\bin\..\lib\small/libfloat.lib
                                          [ _fsadd.rel ]
C:\Program Files\SDCC\bin\..\lib\small/mcs51.lib
                                          [ crtxclear.rel ]
C:\Program Files\SDCC\bin\..\lib\small/libfloat.lib
                                          [ _fscmp.rel ]
C:\Program Files\SDCC\bin\..\lib\small/libfloat.lib
                                          [ _uint2fs.rel ]
C:\Program Files\SDCC\bin\..\lib\small/libfloat.lib
                                          [ _fsreturnval.rel ]
C:\Program Files\SDCC\bin\..\lib\small/libfloat.lib
                                          [ _fsswapargs.rel ]
C:\Program Files\SDCC\bin\..\lib\small/libfloat.lib
                                          [ _fsdiv.rel ]
C:\Program Files\SDCC\bin\..\lib\small/mcs51.lib
                                          [ crtstart.rel ]
C:\Program Files\SDCC\bin\..\lib\small/libsdcc.lib
                                          [ _gptrget.rel ]
C:\Program Files\SDCC\bin\..\lib\small/libfloat.lib
                                          [ _fs2uchar.rel ]
C:\Program Files\SDCC\bin\..\lib\small/libint.lib
                                          [ _modsint.rel ]
C:\Program Files\SDCC\bin\..\lib\small/libfloat.lib
                                          [ _ulong2fs.rel ]
C:\Program Files\SDCC\bin\..\lib\small/libfloat.lib
                                          [ _fsrshift.rel ]
C:\Program Files\SDCC\bin\..\lib\small/libsdcc.lib
                                          [ _startup.rel ]
C:\Program Files\SDCC\bin\..\lib\small/libfloat.lib
                                          [ _fs2ulong.rel ]
C:\Program Files\SDCC\bin\..\lib\small/libfloat.lib
                                          [ _fsget1arg.rel ]

ASxxxx Linker V03.00 + NoICE + sdld,  page 77.

User Base Address Definitions

HOME = 0x0000
XSEG = 0x0001
PSEG = 0x0001
ISEG = 0x0000
BSEG = 0x0000

